2021-03-11 22:34:55,664:INFO:flipkrat.py:Url hitted
2021-03-11 22:34:55,871:INFO:flipkrat.py:login popup handled
2021-03-11 22:34:56,219:INFO:flipkrat.py:Search begins
2021-03-11 22:34:59,039:INFO:flipkrat.py:Data saved in scrapper file
2021-03-11 22:35:58,120:INFO:flipkrat.py:Url hitted
2021-03-11 22:35:58,315:INFO:flipkrat.py:login popup handled
2021-03-11 22:35:58,591:INFO:flipkrat.py:Search begins
2021-03-11 22:36:01,400:INFO:flipkrat.py:Data saved in scrapper file
2021-03-11 22:36:23,309:INFO:flipkrat.py:Url hitted
2021-03-11 22:36:23,496:INFO:flipkrat.py:login popup handled
2021-03-11 22:36:23,770:INFO:flipkrat.py:Search begins
2021-03-11 22:36:33,418:INFO:flipkrat.py:Url hitted
2021-03-11 22:36:33,647:INFO:flipkrat.py:login popup handled
2021-03-11 22:36:34,002:INFO:flipkrat.py:Search begins
2021-03-11 22:36:36,914:INFO:flipkrat.py:Data saved in scrapper file
2021-03-11 22:37:59,845:INFO:flipkrat.py:Thread run completed
2021-03-12 18:10:07,996:INFO:flipkrat.py:Url hitted
2021-03-12 18:10:08,216:INFO:flipkrat.py:login popup handled
2021-03-12 18:10:08,649:INFO:flipkrat.py:Search begins for Nike
2021-03-12 18:10:15,835:INFO:flipkrat.py:Data saved in scrapper file
2021-03-12 18:21:17,976:INFO:flipkrat.py:Url hitted
2021-03-12 18:21:18,307:INFO:flipkrat.py:login popup handled
2021-03-12 18:21:18,661:INFO:flipkrat.py:Search begins for shorts
2021-03-12 18:21:45,120:INFO:flipkrat.py:Thread run completed
2021-03-12 18:51:46,598:INFO:flipkrat.py:Url hitted
2021-03-12 18:51:46,854:INFO:flipkrat.py:login popup handled
2021-03-12 18:51:47,148:INFO:flipkrat.py:Search begins for Nike
2021-03-12 18:51:52,934:INFO:flipkrat.py:Data saved in scrapper file
2021-03-12 18:59:13,412:INFO:flipkrat.py:Url hitted
2021-03-12 18:59:13,585:INFO:flipkrat.py:login popup handled
2021-03-12 18:59:13,871:INFO:flipkrat.py:Search begins for Nike
2021-03-12 18:59:20,027:INFO:flipkrat.py:Data saved in scrapper file
2021-03-12 19:05:39,138:INFO:flipkrat.py:Url hitted
2021-03-12 19:05:39,293:INFO:flipkrat.py:login popup handled
2021-03-12 19:05:39,627:INFO:flipkrat.py:Search begins for Saree
2021-03-12 19:05:45,435:INFO:flipkrat.py:Data saved in scrapper file
2021-03-12 19:48:30,551:INFO:flipkrat.py:Url hitted
2021-03-12 19:48:32,022:INFO:flipkrat.py:login popup handled
2021-03-12 19:48:33,971:INFO:flipkrat.py:Search begins for Nike
2021-03-12 19:48:39,271:INFO:flipkrat.py:Data saved in scrapper file
2021-03-12 19:52:16,469:INFO:flipkrat.py:Url hitted
2021-03-12 19:52:16,797:INFO:flipkrat.py:login popup handled
2021-03-12 19:52:17,244:INFO:flipkrat.py:Search begins for Nike
2021-03-12 19:52:19,627:INFO:flipkrat.py:Data saved in scrapper file
2021-03-12 22:38:31,082:INFO:flipkrat.py:Url hitted
2021-03-12 22:38:31,387:INFO:flipkrat.py:login popup handled
2021-03-12 22:38:31,835:INFO:flipkrat.py:Search begins for Nike
2021-03-12 22:38:38,080:INFO:flipkrat.py:Data saved in scrapper file
2022-08-21 00:44:58,462:INFO:flipkrat.py:Url hitted
2022-08-21 00:44:58,650:INFO:flipkrat.py:login popup handled
2022-08-21 00:44:58,981:INFO:flipkrat.py:Search begins for amazon
2022-08-21 00:46:08,451:INFO:flipkrat.py:Thread run completed
2022-08-21 00:54:13,268:INFO:flipkrat.py:Url hitted
2022-08-21 00:54:13,458:INFO:flipkrat.py:login popup handled
2022-08-21 00:54:13,727:INFO:flipkrat.py:Search begins for mi
2022-08-21 00:54:30,542:INFO:flipkrat.py:Thread run completed
2022-08-21 12:10:22,489:INFO:flipkrat.py:Url hitted
2022-08-21 12:10:22,671:INFO:flipkrat.py:login popup handled
2022-08-21 12:10:22,935:INFO:flipkrat.py:Search begins for lenovo
2022-08-21 12:26:26,924:INFO:flipkrat.py:Url hitted
2022-08-21 12:26:27,102:INFO:flipkrat.py:login popup handled
2022-08-21 12:26:27,391:INFO:flipkrat.py:Search begins for asus
2022-08-21 12:33:19,729:INFO:flipkrat.py:Url hitted
2022-08-21 12:33:19,911:INFO:flipkrat.py:login popup handled
2022-08-21 12:33:20,242:INFO:flipkrat.py:Search begins for mi
2022-08-21 17:01:26,670:INFO:flipkrat.py:Url hitted
2022-08-21 17:01:26,876:INFO:flipkrat.py:login popup handled
2022-08-21 17:01:27,186:INFO:flipkrat.py:Search begins for apple
2022-08-21 17:20:40,414:INFO:flipkrat.py:Url hitted
2022-08-21 17:20:40,614:INFO:flipkrat.py:login popup handled
2022-08-21 17:20:40,920:INFO:flipkrat.py:Search begins for iphone
2022-08-21 19:54:58,164:INFO:flipkrat.py:Url hitted
2022-08-21 19:54:58,330:INFO:flipkrat.py:login popup handled
2022-08-21 19:54:58,601:INFO:flipkrat.py:Search begins for oppo
2022-08-21 20:36:46,491:INFO:flipkrat.py:Url hitted
2022-08-21 20:36:46,833:INFO:flipkrat.py:login popup handled
2022-08-21 20:36:47,705:INFO:flipkrat.py:Search begins for mi
2022-08-21 20:43:52,715:INFO:flipkrat.py:Url hitted
2022-08-21 20:43:52,878:INFO:flipkrat.py:login popup handled
2022-08-21 20:43:53,127:INFO:flipkrat.py:Search begins for mi
2022-08-21 21:00:54,305:INFO:flipkrat.py:Url hitted
2022-08-21 21:00:54,451:INFO:flipkrat.py:login popup handled
2022-08-21 21:00:54,707:INFO:flipkrat.py:Search begins for mi
2022-08-21 21:00:57,302:INFO:flipkrat.py:data saved in scrapper file
